[preview.colorlib.com/theme/capitalshop/index.html]
[backblue.gif]
[fade.gif]
[index.html]
[preview.colorlib.com/theme/capitalshop/assets/img/icon/favicon.png]
[preview.colorlib.com/theme/capitalshop/assets/css/bootstrap.min.css]
[preview.colorlib.com/theme/capitalshop/assets/css/owl.carousel.min.css]
[preview.colorlib.com/theme/capitalshop/assets/css/slicknav.css]
[preview.colorlib.com/theme/capitalshop/assets/css/flaticon.css]
[preview.colorlib.com/theme/capitalshop/assets/css/animate.min.css]
[preview.colorlib.com/theme/capitalshop/assets/css/price_rangs.css]
[preview.colorlib.com/theme/capitalshop/assets/css/magnific-popup.css]
[preview.colorlib.com/theme/capitalshop/assets/css/fontawesome-all.min.css]
[preview.colorlib.com/theme/capitalshop/assets/css/themify-icons.css]
[preview.colorlib.com/theme/capitalshop/assets/css/slick.css]
[preview.colorlib.com/theme/capitalshop/assets/css/nice-select.css]
[preview.colorlib.com/theme/capitalshop/assets/css/style.css]
[preview.colorlib.com/theme/capitalshop/assets/img/icon/loder.png]
[preview.colorlib.com/theme/capitalshop/assets/img/logo/logo.png]
[preview.colorlib.com/theme/capitalshop/categories.html]
[preview.colorlib.com/theme/capitalshop/login.html]
[preview.colorlib.com/theme/capitalshop/cart.html]
[preview.colorlib.com/theme/capitalshop/pro-details.html]
[preview.colorlib.com/theme/capitalshop/checkout.html]
[preview.colorlib.com/theme/capitalshop/blog.html]
[preview.colorlib.com/theme/capitalshop/elements.html]
[preview.colorlib.com/theme/capitalshop/blog-details.html]
[preview.colorlib.com/theme/capitalshop/contact.html]
[preview.colorlib.com/theme/capitalshop/assets/img/gallery/items1.jpg]
[preview.colorlib.com/theme/capitalshop/assets/img/gallery/items2.jpg]
[preview.colorlib.com/theme/capitalshop/assets/img/gallery/items3.jpg]
[preview.colorlib.com/theme/capitalshop/assets/img/gallery/latest1.jpg]
[preview.colorlib.com/theme/capitalshop/assets/img/gallery/latest2.jpg]
[preview.colorlib.com/theme/capitalshop/assets/img/gallery/latest3.jpg]
[preview.colorlib.com/theme/capitalshop/assets/img/gallery/latest4.jpg]
[preview.colorlib.com/theme/capitalshop/assets/img/gallery/founder-img.png]
[preview.colorlib.com/theme/capitalshop/assets/img/gallery/latest5.jpg]
[preview.colorlib.com/theme/capitalshop/assets/img/gallery/latest6.jpg]
[preview.colorlib.com/theme/capitalshop/assets/img/gallery/latest7.jpg]
[preview.colorlib.com/theme/capitalshop/assets/img/gallery/latest8.jpg]
[preview.colorlib.com/theme/capitalshop/assets/img/gallery/blog1.jpg]
[preview.colorlib.com/theme/capitalshop/assets/img/gallery/blog2.jpg]
[preview.colorlib.com/theme/capitalshop/assets/img/gallery/blog3.jpg]
[preview.colorlib.com/theme/capitalshop/assets/img/icon/services1.svg]
[preview.colorlib.com/theme/capitalshop/assets/img/icon/services2.svg]
[preview.colorlib.com/theme/capitalshop/assets/img/icon/services3.svg]
[preview.colorlib.com/theme/capitalshop/assets/img/icon/services4.svg]
[preview.colorlib.com/theme/capitalshop/assets/img/logo/logo2_footer.png]
[preview.colorlib.com/theme/capitalshop/assets/js/vendor/modernizr-3.5.0.min.js]
[preview.colorlib.com/theme/capitalshop/assets/js/vendor/jquery-1.12.4.min.js]
[preview.colorlib.com/theme/capitalshop/assets/js/popper.min.js]
[preview.colorlib.com/theme/capitalshop/assets/js/bootstrap.min.js]
[preview.colorlib.com/theme/capitalshop/assets/js/owl.carousel.min.js]
[preview.colorlib.com/theme/capitalshop/assets/js/slick.min.js]
[preview.colorlib.com/theme/capitalshop/assets/js/jquery.slicknav.min.js]
[preview.colorlib.com/theme/capitalshop/assets/js/wow.min.js]
[preview.colorlib.com/theme/capitalshop/assets/js/jquery.magnific-popup.js]
[preview.colorlib.com/theme/capitalshop/assets/js/jquery.nice-select.min.js]
[preview.colorlib.com/theme/capitalshop/assets/js/jquery.counterup.min.js]
[preview.colorlib.com/theme/capitalshop/assets/js/waypoints.min.js]
[preview.colorlib.com/theme/capitalshop/assets/js/price_rangs.js]
[preview.colorlib.com/theme/capitalshop/assets/js/contact.js]
[preview.colorlib.com/theme/capitalshop/assets/js/jquery.form.js]
[preview.colorlib.com/theme/capitalshop/assets/js/jquery.validate.min.js]
[preview.colorlib.com/theme/capitalshop/assets/js/mail-script.js]
[preview.colorlib.com/theme/capitalshop/assets/js/jquery.ajaxchimp.min.js]
[preview.colorlib.com/theme/capitalshop/assets/js/plugins.js]
[preview.colorlib.com/theme/capitalshop/assets/js/main.js]
[preview.colorlib.com/theme/capitalshop/index.html]
[preview.colorlib.com/theme/capitalshop/assets/css/bootstrap.min.css]
[preview.colorlib.com/theme/capitalshop/assets/css/owl.carousel.min.css]
[preview.colorlib.com/theme/capitalshop/assets/css/slicknav.css]
[preview.colorlib.com/theme/capitalshop/assets/fonts/Flaticon.eot]
[preview.colorlib.com/theme/capitalshop/assets/fonts/Flaticond41d.eot]
[preview.colorlib.com/theme/capitalshop/assets/fonts/Flaticon.woff2]
[preview.colorlib.com/theme/capitalshop/assets/fonts/Flaticon.woff]
[preview.colorlib.com/theme/capitalshop/assets/fonts/Flaticon.ttf]
[preview.colorlib.com/theme/capitalshop/assets/css/flaticon.css]
[preview.colorlib.com/theme/capitalshop/assets/css/animate.min.css]
[preview.colorlib.com/theme/capitalshop/assets/css/price_rangs.css]
[preview.colorlib.com/theme/capitalshop/assets/css/magnific-popup.css]
[preview.colorlib.com/theme/capitalshop/assets/fonts/Flaticon.svg]
[preview.colorlib.com/theme/capitalshop/assets/fonts/fa-brands-400.eot]
[preview.colorlib.com/theme/capitalshop/assets/fonts/fa-brands-400d41d.eot]
[preview.colorlib.com/theme/capitalshop/assets/fonts/fa-brands-400.woff2]
[preview.colorlib.com/theme/capitalshop/assets/fonts/fa-brands-400.woff]
[preview.colorlib.com/theme/capitalshop/assets/fonts/fa-brands-400.ttf]
[preview.colorlib.com/theme/capitalshop/assets/fonts/fa-regular-400.eot]
[preview.colorlib.com/theme/capitalshop/assets/fonts/fa-brands-400.svg]
[preview.colorlib.com/theme/capitalshop/assets/fonts/fa-regular-400d41d.eot]
[preview.colorlib.com/theme/capitalshop/assets/fonts/fa-regular-400.woff2]
[preview.colorlib.com/theme/capitalshop/assets/fonts/fa-regular-400.woff]
[preview.colorlib.com/theme/capitalshop/assets/fonts/fa-regular-400.ttf]
[preview.colorlib.com/theme/capitalshop/assets/fonts/fa-regular-400.svg]
[preview.colorlib.com/theme/capitalshop/assets/fonts/fa-solid-900.eot]
[preview.colorlib.com/theme/capitalshop/assets/fonts/fa-solid-900d41d.eot]
[preview.colorlib.com/theme/capitalshop/assets/fonts/fa-solid-900.woff2]
[preview.colorlib.com/theme/capitalshop/assets/fonts/fa-solid-900.woff]
[preview.colorlib.com/theme/capitalshop/assets/fonts/fa-solid-900.ttf]
[preview.colorlib.com/theme/capitalshop/assets/css/fontawesome-all.min.css]
[preview.colorlib.com/theme/capitalshop/assets/fonts/fa-solid-900.svg]
[preview.colorlib.com/theme/capitalshop/assets/fonts/themify9f24.eot]
[preview.colorlib.com/theme/capitalshop/assets/fonts/themifyd41d.eot]
[preview.colorlib.com/theme/capitalshop/assets/fonts/themify9f24.woff]
[preview.colorlib.com/theme/capitalshop/assets/fonts/themify9f24.ttf]
[preview.colorlib.com/theme/capitalshop/assets/css/themify-icons.css]
[preview.colorlib.com/theme/capitalshop/assets/css/slick.css]
[preview.colorlib.com/theme/capitalshop/assets/css/nice-select.css]
[preview.colorlib.com/theme/capitalshop/assets/fonts/themify9f24.svg]
[preview.colorlib.com/theme/capitalshop/assets/img/hero/h1_hero1.jpg]
[preview.colorlib.com/theme/capitalshop/assets/img/hero/h1_hero2.jpg]
[preview.colorlib.com/theme/capitalshop/assets/img/hero/h1_hero.jpg]
[preview.colorlib.com/theme/capitalshop/assets/img/elements/primary-check.png]
[preview.colorlib.com/theme/capitalshop/assets/img/elements/success-check.png]
[preview.colorlib.com/theme/capitalshop/assets/img/elements/disabled-check.png]
[preview.colorlib.com/theme/capitalshop/assets/img/elements/primary-radio.png]
[preview.colorlib.com/theme/capitalshop/assets/img/elements/success-radio.png]
[preview.colorlib.com/theme/capitalshop/assets/img/elements/disabled-radio.png]
[preview.colorlib.com/theme/capitalshop/assets/css/style.css]
[preview.colorlib.com/cdn-cgi/zaraz/sd0d9.js]
[preview.colorlib.com/theme/capitalshop/categories.html]
[preview.colorlib.com/theme/capitalshop/login.html]
[preview.colorlib.com/theme/capitalshop/register.html]
[preview.colorlib.com/theme/capitalshop/assets/img/gallery/best-books1.jpg]
[preview.colorlib.com/theme/capitalshop/assets/img/gallery/best_selling1.jpg]
[preview.colorlib.com/theme/capitalshop/cart.html]
[preview.colorlib.com/theme/capitalshop/pro-details.html]
[preview.colorlib.com/theme/capitalshop/assets/img/gallery/card.jpg]
[preview.colorlib.com/theme/capitalshop/checkout.html]
[preview.colorlib.com/theme/capitalshop/assets/img/blog/single_blog_1.jpg]
[preview.colorlib.com/theme/capitalshop/blog_details.html]
[preview.colorlib.com/theme/capitalshop/assets/img/blog/single_blog_2.jpg]
[preview.colorlib.com/theme/capitalshop/assets/img/blog/single_blog_3.jpg]
[preview.colorlib.com/theme/capitalshop/assets/img/blog/single_blog_4.jpg]
[preview.colorlib.com/theme/capitalshop/assets/img/blog/single_blog_5.jpg]
[preview.colorlib.com/theme/capitalshop/assets/img/post/post_1.jpg]
[preview.colorlib.com/theme/capitalshop/assets/img/post/post_2.jpg]
[preview.colorlib.com/theme/capitalshop/assets/img/post/post_3.jpg]
[preview.colorlib.com/theme/capitalshop/assets/img/post/post_4.jpg]
[preview.colorlib.com/theme/capitalshop/assets/img/post/post_5.jpg]
[preview.colorlib.com/theme/capitalshop/assets/img/post/post_6.jpg]
[preview.colorlib.com/theme/capitalshop/assets/img/post/post_7.jpg]
[preview.colorlib.com/theme/capitalshop/assets/img/post/post_8.jpg]
[preview.colorlib.com/theme/capitalshop/assets/img/post/post_9.jpg]
[preview.colorlib.com/theme/capitalshop/assets/img/post/post_10.jpg]
[preview.colorlib.com/theme/capitalshop/blog.html]
[preview.colorlib.com/theme/capitalshop/assets/img/elements/d.jpg]
[preview.colorlib.com/theme/capitalshop/assets/img/elements/f1.jpg]
[preview.colorlib.com/theme/capitalshop/assets/img/elements/f2.jpg]
[preview.colorlib.com/theme/capitalshop/assets/img/elements/f3.jpg]
[preview.colorlib.com/theme/capitalshop/assets/img/elements/f4.jpg]
[preview.colorlib.com/theme/capitalshop/assets/img/elements/f5.jpg]
[preview.colorlib.com/theme/capitalshop/assets/img/elements/f6.jpg]
[preview.colorlib.com/theme/capitalshop/assets/img/elements/f7.jpg]
[preview.colorlib.com/theme/capitalshop/assets/img/elements/f8.jpg]
[preview.colorlib.com/theme/capitalshop/assets/img/elements/g1.jpg]
[preview.colorlib.com/theme/capitalshop/assets/img/elements/g2.jpg]
[preview.colorlib.com/theme/capitalshop/assets/img/elements/g3.jpg]
[preview.colorlib.com/theme/capitalshop/assets/img/elements/g4.jpg]
[preview.colorlib.com/theme/capitalshop/assets/img/elements/g5.jpg]
[preview.colorlib.com/theme/capitalshop/assets/img/elements/g6.jpg]
[preview.colorlib.com/theme/capitalshop/assets/img/elements/g7.jpg]
[preview.colorlib.com/theme/capitalshop/assets/img/elements/g8.jpg]
[preview.colorlib.com/theme/capitalshop/elements.html]
[preview.colorlib.com/theme/capitalshop/assets/img/post/preview.jpg]
[preview.colorlib.com/theme/capitalshop/assets/img/post/next.jpg]
[preview.colorlib.com/theme/capitalshop/assets/img/blog/author.png]
[preview.colorlib.com/theme/capitalshop/assets/img/blog/comment_1.png]
[preview.colorlib.com/theme/capitalshop/assets/img/blog/comment_2.png]
[preview.colorlib.com/theme/capitalshop/assets/img/blog/comment_3.png]
[preview.colorlib.com/theme/capitalshop/blog-details.html]
[preview.colorlib.com/theme/capitalshop/_https_/maps.gstatic.com/mapfiles/openhand_8_8.cur_]
[maps.gstatic.com/mapfiles/api-3/images/google_white5.png]
[preview.colorlib.com/theme/capitalshop/contact.html]
[preview.colorlib.com/theme/capitalshop/assets/img/icon/services1.svg]
[preview.colorlib.com/theme/capitalshop/assets/img/icon/services2.svg]
[preview.colorlib.com/theme/capitalshop/assets/img/icon/services3.svg]
[preview.colorlib.com/theme/capitalshop/assets/img/icon/services4.svg]
[preview.colorlib.com/theme/capitalshop/assets/fonts/Flaticon.svg]
[preview.colorlib.com/theme/capitalshop/assets/fonts/fa-brands-400.svg]
[preview.colorlib.com/theme/capitalshop/assets/fonts/fa-regular-400.svg]
[preview.colorlib.com/cdn-cgi/scripts/5c5dd728/cloudflare-static/email-decode.min.js]
[preview.colorlib.com/theme/capitalshop/assets/fonts/fa-solid-900.svg]
[preview.colorlib.com/theme/capitalshop/assets/fonts/themify9f24.svg]
[preview.colorlib.com/theme/capitalshop/assets/img/hero/h1_hero.html]
[preview.colorlib.com/theme/capitalshop/register.html]
[preview.colorlib.com/theme/capitalshop/assets/img/gallery/best-books1.html]
[preview.colorlib.com/theme/capitalshop/assets/img/gallery/best_selling1.html]
[preview.colorlib.com/theme/capitalshop/assets/img/gallery/card.html]
[preview.colorlib.com/theme/capitalshop/blog_details.html]
[preview.colorlib.com/theme/capitalshop/_https_/maps.gstatic.com/mapfiles/openhand_8_8.html]
